<?xml version="1.0" encoding="UTF-8"?>
<TestRun id="0fa0dfc7-e9ca-4c8b-ab1c-65f219868f5d" name="jabney@LAPJABNEY 2013-06-19 17:33:35" runUser="IHT-PDX\jabney" xmlns="http://microsoft.com/schemas/VisualStudio/TeamTest/2010">
  <TestSettings name="Default Test Settings" id="0eccabc0-8f87-4cf9-bbe5-000719848a39">
    <Deployment userDeploymentRoot="c:\users\jabney\documents\visual studio 2010\Projects\Lucid.Web.Portal\TestResults" useDefaultDeploymentRoot="false" runDeploymentRoot="jabney_LAPJABNEY 2013-06-19 17_33_35">
      <DeploymentItem filename="c:\users\jabney\documents\visual studio 2010\Projects\Lucid.Web.Portal\packages\Microsoft.Net.Http.2.0.20710.0\lib\net40\System.Net.Http.dll" />
      <DeploymentItem filename="c:\users\jabney\documents\visual studio 2010\Projects\Lucid.Web.Portal\packages\Microsoft.AspNet.WebPages.2.0.20710.0\lib\net40\System.Web.WebPages.dll" />
      <DeploymentItem filename="c:\users\jabney\documents\visual studio 2010\Projects\Lucid.Web.Portal\packages\Microsoft.Web.Infrastructure.1.0.0.0\lib\net40\Microsoft.Web.Infrastructure.dll" />
      <DeploymentItem filename="c:\users\jabney\documents\visual studio 2010\Projects\Lucid.Web.Portal\packages\Microsoft.AspNet.Mvc.4.0.20710.0\lib\net40\System.Web.Mvc.dll" />
      <DeploymentItem filename="c:\users\jabney\documents\visual studio 2010\Projects\Lucid.Web.Portal\packages\Microsoft.AspNet.WebPages.2.0.20710.0\lib\net40\System.Web.WebPages.Razor.dll" />
      <DeploymentItem filename="c:\users\jabney\documents\visual studio 2010\Projects\Lucid.Web.Portal\packages\Microsoft.AspNet.Razor.2.0.20710.0\lib\net40\System.Web.Razor.dll" />
      <DeploymentItem filename="c:\users\jabney\documents\visual studio 2010\Projects\Lucid.Web.Portal\packages\Microsoft.AspNet.WebApi.Core.4.0.20710.0\lib\net40\System.Web.Http.dll" />
      <DeploymentItem filename="c:\users\jabney\documents\visual studio 2010\Projects\Lucid.Web.Portal\packages\Microsoft.AspNet.WebApi.Client.4.0.20710.0\lib\net40\System.Net.Http.Formatting.dll" />
      <DeploymentItem filename="c:\users\jabney\documents\visual studio 2010\Projects\Lucid.Web.Portal\packages\Newtonsoft.Json.4.5.6\lib\net40\Newtonsoft.Json.dll" />
      <DeploymentItem filename="c:\users\jabney\documents\visual studio 2010\Projects\Lucid.Web.Portal\packages\Microsoft.Net.Http.2.0.20710.0\lib\net40\System.Net.Http.WebRequest.dll" />
      <DeploymentItem filename="c:\users\jabney\documents\visual studio 2010\Projects\Lucid.Web.Portal\packages\Microsoft.AspNet.WebPages.2.0.20710.0\lib\net40\System.Web.Helpers.dll" />
      <DeploymentItem filename="c:\users\jabney\documents\visual studio 2010\Projects\Lucid.Web.Portal\packages\Microsoft.AspNet.WebApi.WebHost.4.0.20710.0\lib\net40\System.Web.Http.WebHost.dll" />
      <DeploymentItem filename="c:\users\jabney\documents\visual studio 2010\Projects\Lucid.Web.Portal\packages\Microsoft.AspNet.WebPages.2.0.20710.0\lib\net40\System.Web.WebPages.Deployment.dll" />
      <DeploymentItem filename="c:\users\jabney\documents\visual studio 2010\Projects\Lucid.Web.Portal\Lucid.Web.Portal\bin\Lucid.Web.Portal.dll" />
    </Deployment>
    <Execution>
      <TestTypeSpecific />
      <AgentRule name="Execution Agents">
      </AgentRule>
    </Execution>
  </TestSettings>
  <Times creation="2013-06-19T17:33:35.4883161-07:00" queuing="2013-06-19T17:33:39.7305587-07:00" start="2013-06-19T17:33:40.4135978-07:00" finish="2013-06-19T17:35:34.8861453-07:00" />
  <ResultSummary outcome="Error">
    <Counters total="1" executed="1" error="0" failed="0" timeout="0" aborted="1" inconclusive="0" passedButRunAborted="0" notRunnable="0" notExecuted="0" disconnected="0" warning="0" passed="0" completed="0" inProgress="0" pending="0" />
    <RunInfos>
      <RunInfo computerName="LAPJABNEY" outcome="Error" timestamp="2013-06-19T17:35:34.8831451-07:00">
        <Text>Test host process exited unexpectedly.</Text>
      </RunInfo>
    </RunInfos>
  </ResultSummary>
  <TestDefinitions>
    <UnitTest name="Post" storage="c:\users\jabney\documents\visual studio 2010\projects\lucid.web.portal\lucid.web.portal.tests\bin\debug\lucid.web.portal.tests.dll" id="fc01d017-3870-f9ab-aa8a-f3a96d1ca13f">
      <Execution id="1097824e-4305-4111-804b-6552f74b0ed9" />
      <TestMethod codeBase="c:/users/jabney/documents/visual studio 2010/Projects/Lucid.Web.Portal/Lucid.Web.Portal.Tests/bin/Debug/Lucid.Web.Portal.Tests.DLL" adapterTypeName="Microsoft.VisualStudio.TestTools.TestTypes.Unit.UnitTestAdapter, Microsoft.VisualStudio.QualityTools.Tips.UnitTest.Adapter, Version=10.0.0.0, Culture=neutral, PublicKeyToken=b03f5f7f11d50a3a" className="Lucid.Web.Portal.Tests.Controllers.UsersControllerTest, Lucid.Web.Portal.Tests, Version=1.0.0.0, Culture=neutral, PublicKeyToken=null" name="Post" />
    </UnitTest>
  </TestDefinitions>
  <TestLists>
    <TestList name="Results Not in a List" id="8c84fa94-04c1-424b-9868-57a2d4851a1d" />
    <TestList name="All Loaded Results" id="19431567-8539-422a-85d7-44ee4e166bda" />
  </TestLists>
  <TestEntries>
    <TestEntry testId="fc01d017-3870-f9ab-aa8a-f3a96d1ca13f" executionId="1097824e-4305-4111-804b-6552f74b0ed9" testListId="8c84fa94-04c1-424b-9868-57a2d4851a1d" />
  </TestEntries>
  <Results>
    <UnitTestResult executionId="1097824e-4305-4111-804b-6552f74b0ed9" testId="fc01d017-3870-f9ab-aa8a-f3a96d1ca13f" testName="Post" computerName="LAPJABNEY" duration="00:01:53.6575009" startTime="2013-06-19T17:33:41.2286444-07:00" endTime="2013-06-19T17:35:34.8861453-07:00" testType="13cdc9d9-ddb5-4fa4-a97d-d965ccfc6d4b" outcome="Aborted" testListId="8c84fa94-04c1-424b-9868-57a2d4851a1d" relativeResultsDirectory="1097824e-4305-4111-804b-6552f74b0ed9">
    </UnitTestResult>
  </Results>
</TestRun>